#
# There is insufficient memory for the Java Runtime Environment to continue.
# Native memory allocation (malloc) failed to allocate 1071056 bytes for Chunk::new
# Possible reasons:
#   The system is out of physical RAM or swap space
#   The process is running with CompressedOops enabled, and the Java Heap may be blocking the growth of the native heap
# Possible solutions:
#   Reduce memory load on the system
#   Increase physical memory or swap space
#   Check if swap backing store is full
#   Decrease Java heap size (-Xmx/-Xms)
#   Decrease number of Java threads
#   Decrease Java thread stack sizes (-Xss)
#   Set larger code cache with -XX:ReservedCodeCacheSize=
#   JVM is running with Unscaled Compressed Oops mode in which the Java heap is
#     placed in the first 4GB address space. The Java Heap base address is the
#     maximum limit for the native heap growth. Please use -XX:HeapBaseMinAddress
#     to set the Java Heap base and to place the Java Heap above 4GB virtual address.
# This output file may be truncated or incomplete.
#
#  Out of Memory Error (./open/src/hotspot/share/memory/arena.cpp:197), pid=16424, tid=15080
#
# JRE version: Java(TM) SE Runtime Environment 18.9 (11.0.31+9) (build 11.0.31+9-LTS-165)
# Java VM: Java HotSpot(TM) 64-Bit Server VM 18.9 (11.0.31+9-LTS-165, mixed mode, tiered, compressed oops, g1 gc, windows-amd64)
# No core dump will be written. Minidumps are not enabled by default on client versions of Windows
#

---------------  S U M M A R Y ------------

Command Line: tracking-service\target\tracking-service-1.0.0.jar

Host: Intel(R) Core(TM) i5-4200U CPU @ 1.60GHz, 4 cores, 7G,  Windows 10 , 64 bit Build 19041 (10.0.19041.5678)
Time: Wed Aug 19 15:26:30 2026 E. Europe Daylight Time elapsed time: 1408.688521 seconds (0d 0h 23m 28s)

---------------  T H R E A D  ---------------

Current thread (0x0000000020500800):  JavaThread "C2 CompilerThread0" daemon [_thread_in_native, id=15080, stack(0x0000000021920000,0x0000000021a20000)]


Current CompileTask:
C2:1408689 7204 % !   4       java.util.concurrent.ConcurrentHashMap::transfer @ 96 (828 bytes)

Stack: [0x0000000021920000,0x0000000021a20000]
Native frames: (J=compiled Java code, j=interpreted, Vv=VM code, C=native code)
V  [jvm.dll+0x66893a]
V  [jvm.dll+0x7ac32e]
V  [jvm.dll+0x7ad9e6]
V  [jvm.dll+0x7ae093]
V  [jvm.dll+0x25b0f5]
V  [jvm.dll+0xb48dc]
V  [jvm.dll+0xb4eec]
V  [jvm.dll+0x36ed3f]
V  [jvm.dll+0x33b985]
V  [jvm.dll+0x33ad3a]
V  [jvm.dll+0x2142e8]
V  [jvm.dll+0x213256]
V  [jvm.dll+0x18f111]
V  [jvm.dll+0x223a6b]
V  [jvm.dll+0x221d88]
V  [jvm.dll+0x770794]
V  [jvm.dll+0x768fd4]
V  [jvm.dll+0x667825]
C  [ucrtbase.dll+0x21bb2]
C  [KERNEL32.DLL+0x17374]
C  [ntdll.dll+0x4cc91]


---------------  P R O C E S S  ---------------

Threads class SMR info:
_java_thread_list=0x000000002736fbc0, length=34, elements={
0x00000000204dd000, 0x00000000204e6800, 0x0000000021263000, 0x00000000204fd000,
0x00000000204fd800, 0x0000000020500800, 0x000000002051e000, 0x00000000212b6000,
0x00000000213bd000, 0x0000000026baa800, 0x0000000024ef7800, 0x0000000025857800,
0x0000000021f1f800, 0x0000000028c50800, 0x00000000250f7800, 0x000000002730e800,
0x000000002542b800, 0x000000002542a000, 0x0000000025429000, 0x000000002542a800,
0x0000000025328000, 0x0000000025322000, 0x0000000025324800, 0x0000000025325800,
0x0000000025328800, 0x0000000025323800, 0x0000000025323000, 0x0000000025329800,
0x000000002532c000, 0x000000002532a000, 0x000000002532b000, 0x0000000025327000,
0x0000000025326000, 0x000000002532c800
}

Java Threads: ( => current thread )
  0x00000000204dd000 JavaThread "Reference Handler" daemon [_thread_blocked, id=16004, stack(0x0000000020f20000,0x0000000021020000)]
  0x00000000204e6800 JavaThread "Finalizer" daemon [_thread_blocked, id=5676, stack(0x0000000021020000,0x0000000021120000)]
  0x0000000021263000 JavaThread "Signal Dispatcher" daemon [_thread_blocked, id=17956, stack(0x0000000021620000,0x0000000021720000)]
  0x00000000204fd000 JavaThread "Attach Listener" daemon [_thread_blocked, id=10800, stack(0x0000000021720000,0x0000000021820000)]
  0x00000000204fd800 JavaThread "Service Thread" daemon [_thread_blocked, id=18056, stack(0x0000000021820000,0x0000000021920000)]
=>0x0000000020500800 JavaThread "C2 CompilerThread0" daemon [_thread_in_native, id=15080, stack(0x0000000021920000,0x0000000021a20000)]
  0x000000002051e000 JavaThread "C1 CompilerThread0" daemon [_thread_blocked, id=14820, stack(0x0000000021a20000,0x0000000021b20000)]
  0x00000000212b6000 JavaThread "Sweeper thread" daemon [_thread_blocked, id=11552, stack(0x0000000021b20000,0x0000000021c20000)]
  0x00000000213bd000 JavaThread "Common-Cleaner" daemon [_thread_blocked, id=8940, stack(0x0000000021d20000,0x0000000021e20000)]
  0x0000000026baa800 JavaThread "Catalina-utility-1" [_thread_blocked, id=13784, stack(0x00000000282c0000,0x00000000283c0000)]
  0x0000000024ef7800 JavaThread "Catalina-utility-2" [_thread_blocked, id=16756, stack(0x00000000283c0000,0x00000000284c0000)]
  0x0000000025857800 JavaThread "container-0" [_thread_blocked, id=10460, stack(0x00000000284c0000,0x00000000285c0000)]
  0x0000000021f1f800 JavaThread "HikariPool-1 housekeeper" daemon [_thread_blocked, id=9064, stack(0x0000000029990000,0x0000000029a90000)]
  0x0000000028c50800 JavaThread "spring.cloud.inetutils" daemon [_thread_blocked, id=6032, stack(0x000000002a890000,0x000000002a990000)]
  0x00000000250f7800 JavaThread "AsyncResolver-bootstrap-0" daemon [_thread_blocked, id=380, stack(0x000000002ab90000,0x000000002ac90000)]
  0x000000002730e800 JavaThread "DiscoveryClient-0" daemon [_thread_blocked, id=13860, stack(0x0000000029a90000,0x0000000029b90000)]
  0x000000002542b800 JavaThread "DiscoveryClient-1" daemon [_thread_blocked, id=6372, stack(0x000000002c570000,0x000000002c670000)]
  0x000000002542a000 JavaThread "DiscoveryClient-InstanceInfoReplicator-0" daemon [_thread_blocked, id=17608, stack(0x000000002c670000,0x000000002c770000)]
  0x0000000025429000 JavaThread "http-nio-8083-exec-1" daemon [_thread_blocked, id=14908, stack(0x000000002c770000,0x000000002c870000)]
  0x000000002542a800 JavaThread "http-nio-8083-exec-2" daemon [_thread_blocked, id=13056, stack(0x000000002c870000,0x000000002c970000)]
  0x0000000025328000 JavaThread "http-nio-8083-exec-3" daemon [_thread_blocked, id=14788, stack(0x000000002c970000,0x000000002ca70000)]
  0x0000000025322000 JavaThread "http-nio-8083-exec-4" daemon [_thread_blocked, id=12388, stack(0x000000002ca70000,0x000000002cb70000)]
  0x0000000025324800 JavaThread "http-nio-8083-exec-5" daemon [_thread_blocked, id=2964, stack(0x000000002dbc0000,0x000000002dcc0000)]
  0x0000000025325800 JavaThread "http-nio-8083-exec-6" daemon [_thread_blocked, id=17964, stack(0x000000002dcc0000,0x000000002ddc0000)]
  0x0000000025328800 JavaThread "http-nio-8083-exec-7" daemon [_thread_blocked, id=8000, stack(0x000000002ddc0000,0x000000002dec0000)]
  0x0000000025323800 JavaThread "http-nio-8083-exec-8" daemon [_thread_blocked, id=8604, stack(0x000000002dec0000,0x000000002dfc0000)]
  0x0000000025323000 JavaThread "http-nio-8083-exec-9" daemon [_thread_blocked, id=9652, stack(0x000000002dfc0000,0x000000002e0c0000)]
  0x0000000025329800 JavaThread "http-nio-8083-exec-10" daemon [_thread_blocked, id=12876, stack(0x000000002e0c0000,0x000000002e1c0000)]
  0x000000002532c000 JavaThread "http-nio-8083-Poller" daemon [_thread_in_native, id=11440, stack(0x000000002e1c0000,0x000000002e2c0000)]
  0x000000002532a000 JavaThread "http-nio-8083-Acceptor" daemon [_thread_in_native, id=16144, stack(0x000000002e2c0000,0x000000002e3c0000)]
  0x000000002532b000 JavaThread "DestroyJavaVM" [_thread_blocked, id=10936, stack(0x0000000000850000,0x0000000000950000)]
  0x0000000025327000 JavaThread "DiscoveryClient-CacheRefreshExecutor-0" daemon [_thread_blocked, id=1900, stack(0x0000000000650000,0x0000000000750000)]
  0x0000000025326000 JavaThread "DiscoveryClient-HeartbeatExecutor-0" daemon [_thread_blocked, id=8464, stack(0x0000000000750000,0x0000000000850000)]
  0x000000002532c800 JavaThread "AsyncResolver-bootstrap-executor-0" daemon [_thread_blocked, id=15336, stack(0x0000000025e50000,0x0000000025f50000)]

Other Threads:
  0x00000000204d8000 VMThread "VM Thread" [stack: 0x0000000020e20000,0x0000000020f20000] [id=17720]
  0x00000000213b0800 WatcherThread [stack: 0x0000000021c20000,0x0000000021d20000] [id=17240]
  0x00000000029ab800 GCTaskThread "GC Thread#0" [stack: 0x0000000002350000,0x0000000002450000] [id=6204]
  0x0000000021e2e800 GCTaskThread "GC Thread#1" [stack: 0x0000000022620000,0x0000000022720000] [id=12696]
  0x0000000021eab000 GCTaskThread "GC Thread#2" [stack: 0x0000000022720000,0x0000000022820000] [id=17564]
  0x00000000230e7000 GCTaskThread "GC Thread#3" [stack: 0x0000000024780000,0x0000000024880000] [id=12260]
  0x00000000029db800 ConcurrentGCThread "G1 Main Marker" [stack: 0x000000001dbe0000,0x000000001dce0000] [id=11644]
  0x00000000029dd000 ConcurrentGCThread "G1 Conc#0" [stack: 0x000000001dce0000,0x000000001dde0000] [id=15844]
  0x0000000002a6c800 ConcurrentGCThread "G1 Refine#0" [stack: 0x0000000020220000,0x0000000020320000] [id=6328]
  0x0000000002a6d800 ConcurrentGCThread "G1 Young RemSet Sampling" [stack: 0x0000000020520000,0x0000000020620000] [id=2908]

Threads with active compile tasks:
C2 CompilerThread0  1408794 7204 % !   4       java.util.concurrent.ConcurrentHashMap::transfer @ 96 (828 bytes)

VM state:not at safepoint (normal execution)

VM Mutex/Monitor currently owned by a thread: None

Heap address: 0x0000000081a00000, size: 2022 MB, Compressed Oops mode: 32-bit
Narrow klass base: 0x0000000000000000, Narrow klass shift: 3
Compressed class space size: 1073741824 Address: 0x0000000100000000

Heap:
 garbage-first heap   total 131072K, used 39419K [0x0000000081a00000, 0x0000000100000000)
  region size 1024K, 11 young (11264K), 6 survivors (6144K)
 Metaspace       used 81365K, capacity 83555K, committed 83612K, reserved 1122304K
  class space    used 10632K, capacity 11501K, committed 11516K, reserved 1048576K
Heap Regions: E=young(eden), S=young(survivor), O=old, HS=humongous(starts), HC=humongous(continues), CS=collection set, F=free, A=archive, TAMS=top-at-mark-start (previous, next)
|   0|0x0000000081a00000, 0x0000000081b00000, 0x0000000081b00000|100%| O|  |TAMS 0x0000000081b00000, 0x0000000081a00000| Untracked 
|   1|0x0000000081b00000, 0x0000000081c00000, 0x0000000081c00000|100%| O|  |TAMS 0x0000000081c00000, 0x0000000081b00000| Untracked 
|   2|0x0000000081c00000, 0x0000000081d00000, 0x0000000081d00000|100%| O|  |TAMS 0x0000000081d00000, 0x0000000081c00000| Untracked 
|   3|0x0000000081d00000, 0x0000000081e00000, 0x0000000081e00000|100%| O|  |TAMS 0x0000000081e00000, 0x0000000081d00000| Untracked 
|   4|0x0000000081e00000, 0x0000000081f00000, 0x0000000081f00000|100%| O|  |TAMS 0x0000000081f00000, 0x0000000081e00000| Untracked 
|   5|0x0000000081f00000, 0x0000000082000000, 0x0000000082000000|100%| O|  |TAMS 0x0000000082000000, 0x0000000081f00000| Untracked 
|   6|0x0000000082000000, 0x0000000082100000, 0x0000000082100000|100%| O|  |TAMS 0x0000000082100000, 0x0000000082000000| Untracked 
|   7|0x0000000082100000, 0x0000000082200000, 0x0000000082200000|100%| O|  |TAMS 0x0000000082200000, 0x0000000082100000| Untracked 
|   8|0x0000000082200000, 0x0000000082300000, 0x0000000082300000|100%| O|  |TAMS 0x0000000082300000, 0x0000000082200000| Untracked 
|   9|0x0000000082300000, 0x0000000082400000, 0x0000000082400000|100%| O|  |TAMS 0x0000000082400000, 0x0000000082300000| Untracked 
|  10|0x0000000082400000, 0x0000000082500000, 0x0000000082500000|100%| O|  |TAMS 0x0000000082500000, 0x0000000082400000| Untracked 
|  11|0x0000000082500000, 0x0000000082600000, 0x0000000082600000|100%| O|  |TAMS 0x0000000082600000, 0x0000000082500000| Untracked 
|  12|0x0000000082600000, 0x0000000082700000, 0x0000000082700000|100%| O|  |TAMS 0x0000000082700000, 0x0000000082600000| Untracked 
|  13|0x0000000082700000, 0x0000000082800000, 0x0000000082800000|100%| O|  |TAMS 0x0000000082800000, 0x0000000082700000| Untracked 
|  14|0x0000000082800000, 0x0000000082900000, 0x0000000082900000|100%| O|  |TAMS 0x0000000082900000, 0x0000000082800000| Untracked 
|  15|0x0000000082900000, 0x0000000082a00000, 0x0000000082a00000|100%| O|  |TAMS 0x0000000082a00000, 0x0000000082900000| Untracked 
|  16|0x0000000082a00000, 0x0000000082b00000, 0x0000000082b00000|100%| O|  |TAMS 0x0000000082a9fe00, 0x0000000082a00000| Untracked 
|  17|0x0000000082b00000, 0x0000000082c00000, 0x0000000082c00000|100%| O|  |TAMS 0x0000000082b00000, 0x0000000082b00000| Untracked 
|  18|0x0000000082c00000, 0x0000000082d00000, 0x0000000082d00000|100%| O|  |TAMS 0x0000000082c00000, 0x0000000082c00000| Untracked 
|  19|0x0000000082d00000, 0x0000000082e00000, 0x0000000082e00000|100%| O|  |TAMS 0x0000000082d00000, 0x0000000082d00000| Untracked 
|  20|0x0000000082e00000, 0x0000000082f00000, 0x0000000082f00000|100%| O|  |TAMS 0x0000000082e00000, 0x0000000082e00000| Untracked 
|  21|0x0000000082f00000, 0x0000000083000000, 0x0000000083000000|100%| O|  |TAMS 0x0000000082f00000, 0x0000000082f00000| Untracked 
|  22|0x0000000083000000, 0x0000000083100000, 0x0000000083100000|100%| O|  |TAMS 0x0000000083000000, 0x0000000083000000| Untracked 
|  23|0x0000000083100000, 0x0000000083200000, 0x0000000083200000|100%| O|  |TAMS 0x0000000083100000, 0x0000000083100000| Untracked 
|  24|0x0000000083200000, 0x0000000083300000, 0x0000000083300000|100%| O|  |TAMS 0x0000000083200000, 0x0000000083200000| Untracked 
|  25|0x0000000083300000, 0x0000000083400000, 0x0000000083400000|100%| O|  |TAMS 0x0000000083300000, 0x0000000083300000| Untracked 
|  26|0x0000000083400000, 0x0000000083500000, 0x0000000083500000|100%| O|  |TAMS 0x0000000083400000, 0x0000000083400000| Untracked 
|  27|0x0000000083500000, 0x0000000083600000, 0x0000000083600000|100%| O|  |TAMS 0x0000000083500000, 0x0000000083500000| Untracked 
|  28|0x0000000083600000, 0x000000008367ee00, 0x0000000083700000| 49%| O|  |TAMS 0x0000000083600000, 0x0000000083600000| Untracked 
|  29|0x0000000083700000, 0x0000000083700000, 0x0000000083800000|  0%| F|  |TAMS 0x0000000083700000, 0x0000000083700000| Untracked 
|  30|0x0000000083800000, 0x0000000083800000, 0x0000000083900000|  0%| F|  |TAMS 0x0000000083800000, 0x0000000083800000| Untracked 
|  31|0x0000000083900000, 0x0000000083900000, 0x0000000083a00000|  0%| F|  |TAMS 0x0000000083900000, 0x0000000083900000| Untracked 
|  32|0x0000000083a00000, 0x0000000083a00000, 0x0000000083b00000|  0%| F|  |TAMS 0x0000000083a00000, 0x0000000083a00000| Untracked 
|  33|0x0000000083b00000, 0x0000000083b00000, 0x0000000083c00000|  0%| F|  |TAMS 0x0000000083b00000, 0x0000000083b00000| Untracked 
|  34|0x0000000083c00000, 0x0000000083c00000, 0x0000000083d00000|  0%| F|  |TAMS 0x0000000083c00000, 0x0000000083c00000| Untracked 
|  35|0x0000000083d00000, 0x0000000083d00000, 0x0000000083e00000|  0%| F|  |TAMS 0x0000000083d00000, 0x0000000083d00000| Untracked 
|  36|0x0000000083e00000, 0x0000000083e00000, 0x0000000083f00000|  0%| F|  |TAMS 0x0000000083e00000, 0x0000000083e00000| Untracked 
|  37|0x0000000083f00000, 0x0000000083f00000, 0x0000000084000000|  0%| F|  |TAMS 0x0000000083f00000, 0x0000000083f00000| Untracked 
|  38|0x0000000084000000, 0x0000000084000000, 0x0000000084100000|  0%| F|  |TAMS 0x0000000084000000, 0x0000000084000000| Untracked 
|  39|0x0000000084100000, 0x0000000084100000, 0x0000000084200000|  0%| F|  |TAMS 0x0000000084100000, 0x0000000084100000| Untracked 
|  40|0x0000000084200000, 0x0000000084200000, 0x0000000084300000|  0%| F|  |TAMS 0x0000000084200000, 0x0000000084200000| Untracked 
|  41|0x0000000084300000, 0x0000000084300000, 0x0000000084400000|  0%| F|  |TAMS 0x0000000084300000, 0x0000000084300000| Untracked 
|  42|0x0000000084400000, 0x0000000084400000, 0x0000000084500000|  0%| F|  |TAMS 0x0000000084400000, 0x0000000084400000| Untracked 
|  43|0x0000000084500000, 0x0000000084500000, 0x0000000084600000|  0%| F|  |TAMS 0x0000000084500000, 0x0000000084500000| Untracked 
|  44|0x0000000084600000, 0x0000000084600000, 0x0000000084700000|  0%| F|  |TAMS 0x0000000084600000, 0x0000000084600000| Untracked 
|  45|0x0000000084700000, 0x0000000084700000, 0x0000000084800000|  0%| F|  |TAMS 0x0000000084700000, 0x0000000084700000| Untracked 
|  46|0x0000000084800000, 0x0000000084800000, 0x0000000084900000|  0%| F|  |TAMS 0x0000000084800000, 0x0000000084800000| Untracked 
|  47|0x0000000084900000, 0x0000000084900000, 0x0000000084a00000|  0%| F|  |TAMS 0x0000000084900000, 0x0000000084900000| Untracked 
|  48|0x0000000084a00000, 0x0000000084a00000, 0x0000000084b00000|  0%| F|  |TAMS 0x0000000084a00000, 0x0000000084a00000| Untracked 
|  49|0x0000000084b00000, 0x0000000084c00000, 0x0000000084c00000|100%| S|CS|TAMS 0x0000000084b00000, 0x0000000084b00000| Complete 
|  50|0x0000000084c00000, 0x0000000084d00000, 0x0000000084d00000|100%| S|CS|TAMS 0x0000000084c00000, 0x0000000084c00000| Complete 
|  51|0x0000000084d00000, 0x0000000084e00000, 0x0000000084e00000|100%| S|CS|TAMS 0x0000000084d00000, 0x0000000084d00000| Complete 
|  52|0x0000000084e00000, 0x0000000084e00000, 0x0000000084f00000|  0%| F|  |TAMS 0x0000000084e00000, 0x0000000084e00000| Untracked 
|  53|0x0000000084f00000, 0x0000000084f00000, 0x0000000085000000|  0%| F|  |TAMS 0x0000000084f00000, 0x0000000084f00000| Untracked 
|  54|0x0000000085000000, 0x0000000085000000, 0x0000000085100000|  0%| F|  |TAMS 0x0000000085000000, 0x0000000085000000| Untracked 
|  55|0x0000000085100000, 0x0000000085100000, 0x0000000085200000|  0%| F|  |TAMS 0x0000000085100000, 0x0000000085100000| Untracked 
|  56|0x0000000085200000, 0x0000000085200000, 0x0000000085300000|  0%| F|  |TAMS 0x0000000085200000, 0x0000000085200000| Untracked 
|  57|0x0000000085300000, 0x0000000085300000, 0x0000000085400000|  0%| F|  |TAMS 0x0000000085300000, 0x0000000085300000| Untracked 
|  58|0x0000000085400000, 0x0000000085500000, 0x0000000085500000|100%| S|CS|TAMS 0x0000000085400000, 0x0000000085400000| Complete 
|  59|0x0000000085500000, 0x0000000085600000, 0x0000000085600000|100%| S|CS|TAMS 0x0000000085500000, 0x0000000085500000| Complete 
|  60|0x0000000085600000, 0x0000000085700000, 0x0000000085700000|100%| S|CS|TAMS 0x0000000085600000, 0x0000000085600000| Complete 
|  61|0x0000000085700000, 0x0000000085700000, 0x0000000085800000|  0%| F|  |TAMS 0x0000000085700000, 0x0000000085700000| Untracked 
|  62|0x0000000085800000, 0x0000000085800000, 0x0000000085900000|  0%| F|  |TAMS 0x0000000085800000, 0x0000000085800000| Untracked 
|  63|0x0000000085900000, 0x0000000085900000, 0x0000000085a00000|  0%| F|  |TAMS 0x0000000085900000, 0x0000000085900000| Untracked 
|  64|0x0000000085a00000, 0x0000000085a00000, 0x0000000085b00000|  0%| F|  |TAMS 0x0000000085a00000, 0x0000000085a00000| Untracked 
|  65|0x0000000085b00000, 0x0000000085b00000, 0x0000000085c00000|  0%| F|  |TAMS 0x0000000085b00000, 0x0000000085b00000| Untracked 
|  66|0x0000000085c00000, 0x0000000085c00000, 0x0000000085d00000|  0%| F|  |TAMS 0x0000000085c00000, 0x0000000085c00000| Untracked 
|  67|0x0000000085d00000, 0x0000000085d00000, 0x0000000085e00000|  0%| F|  |TAMS 0x0000000085d00000, 0x0000000085d00000| Untracked 
|  68|0x0000000085e00000, 0x0000000085e00000, 0x0000000085f00000|  0%| F|  |TAMS 0x0000000085e00000, 0x0000000085e00000| Untracked 
|  69|0x0000000085f00000, 0x0000000085f00000, 0x0000000086000000|  0%| F|  |TAMS 0x0000000085f00000, 0x0000000085f00000| Untracked 
|  70|0x0000000086000000, 0x0000000086000000, 0x0000000086100000|  0%| F|  |TAMS 0x0000000086000000, 0x0000000086000000| Untracked 
|  71|0x0000000086100000, 0x0000000086100000, 0x0000000086200000|  0%| F|  |TAMS 0x0000000086100000, 0x0000000086100000| Untracked 
|  72|0x0000000086200000, 0x0000000086200000, 0x0000000086300000|  0%| F|  |TAMS 0x0000000086200000, 0x0000000086200000| Untracked 
|  73|0x0000000086300000, 0x0000000086300000, 0x0000000086400000|  0%| F|  |TAMS 0x0000000086300000, 0x0000000086300000| Untracked 
|  74|0x0000000086400000, 0x0000000086400000, 0x0000000086500000|  0%| F|  |TAMS 0x0000000086400000, 0x0000000086400000| Untracked 
|  75|0x0000000086500000, 0x0000000086500000, 0x0000000086600000|  0%| F|  |TAMS 0x0000000086500000, 0x0000000086500000| Untracked 
|  76|0x0000000086600000, 0x0000000086600000, 0x0000000086700000|  0%| F|  |TAMS 0x0000000086600000, 0x0000000086600000| Untracked 
|  77|0x0000000086700000, 0x0000000086700000, 0x0000000086800000|  0%| F|  |TAMS 0x0000000086700000, 0x0000000086700000| Untracked 
|  78|0x0000000086800000, 0x0000000086800000, 0x0000000086900000|  0%| F|  |TAMS 0x0000000086800000, 0x0000000086800000| Untracked 
|  79|0x0000000086900000, 0x0000000086900000, 0x0000000086a00000|  0%| F|  |TAMS 0x0000000086900000, 0x0000000086900000| Untracked 
|  80|0x0000000086a00000, 0x0000000086a00000, 0x0000000086b00000|  0%| F|  |TAMS 0x0000000086a00000, 0x0000000086a00000| Untracked 
|  81|0x0000000086b00000, 0x0000000086b00000, 0x0000000086c00000|  0%| F|  |TAMS 0x0000000086b00000, 0x0000000086b00000| Untracked 
|  82|0x0000000086c00000, 0x0000000086c00000, 0x0000000086d00000|  0%| F|  |TAMS 0x0000000086c00000, 0x0000000086c00000| Untracked 
|  83|0x0000000086d00000, 0x0000000086d00000, 0x0000000086e00000|  0%| F|  |TAMS 0x0000000086d00000, 0x0000000086d00000| Untracked 
|  84|0x0000000086e00000, 0x0000000086e00000, 0x0000000086f00000|  0%| F|  |TAMS 0x0000000086e00000, 0x0000000086e00000| Untracked 
|  85|0x0000000086f00000, 0x0000000086f00000, 0x0000000087000000|  0%| F|  |TAMS 0x0000000086f00000, 0x0000000086f00000| Untracked 
|  86|0x0000000087000000, 0x0000000087000000, 0x0000000087100000|  0%| F|  |TAMS 0x0000000087000000, 0x0000000087000000| Untracked 
|  87|0x0000000087100000, 0x0000000087100000, 0x0000000087200000|  0%| F|  |TAMS 0x0000000087100000, 0x0000000087100000| Untracked 
|  88|0x0000000087200000, 0x0000000087200000, 0x0000000087300000|  0%| F|  |TAMS 0x0000000087200000, 0x0000000087200000| Untracked 
|  89|0x0000000087300000, 0x0000000087300000, 0x0000000087400000|  0%| F|  |TAMS 0x0000000087300000, 0x0000000087300000| Untracked 
|  90|0x0000000087400000, 0x0000000087400000, 0x0000000087500000|  0%| F|  |TAMS 0x0000000087400000, 0x0000000087400000| Untracked 
|  91|0x0000000087500000, 0x0000000087500000, 0x0000000087600000|  0%| F|  |TAMS 0x0000000087500000, 0x0000000087500000| Untracked 
|  92|0x0000000087600000, 0x0000000087600000, 0x0000000087700000|  0%| F|  |TAMS 0x0000000087600000, 0x0000000087600000| Untracked 
|  93|0x0000000087700000, 0x0000000087700000, 0x0000000087800000|  0%| F|  |TAMS 0x0000000087700000, 0x0000000087700000| Untracked 
|  94|0x0000000087800000, 0x0000000087800000, 0x0000000087900000|  0%| F|  |TAMS 0x0000000087800000, 0x0000000087800000| Untracked 
|  95|0x0000000087900000, 0x0000000087900000, 0x0000000087a00000|  0%| F|  |TAMS 0x0000000087900000, 0x0000000087900000| Untracked 
|  96|0x0000000087a00000, 0x0000000087a00000, 0x0000000087b00000|  0%| F|  |TAMS 0x0000000087a00000, 0x0000000087a00000| Untracked 
|  97|0x0000000087b00000, 0x0000000087b00000, 0x0000000087c00000|  0%| F|  |TAMS 0x0000000087b00000, 0x0000000087b00000| Untracked 
|  98|0x0000000087c00000, 0x0000000087c00000, 0x0000000087d00000|  0%| F|  |TAMS 0x0000000087c00000, 0x0000000087c00000| Untracked 
|  99|0x0000000087d00000, 0x0000000087d00000, 0x0000000087e00000|  0%| F|  |TAMS 0x0000000087d00000, 0x0000000087d00000| Untracked 
| 100|0x0000000087e00000, 0x0000000087e00000, 0x0000000087f00000|  0%| F|  |TAMS 0x0000000087e00000, 0x0000000087e00000| Untracked 
| 101|0x0000000087f00000, 0x0000000087f00000, 0x0000000088000000|  0%| F|  |TAMS 0x0000000087f00000, 0x0000000087f00000| Untracked 
| 102|0x0000000088000000, 0x0000000088000000, 0x0000000088100000|  0%| F|  |TAMS 0x0000000088000000, 0x0000000088000000| Untracked 
| 103|0x0000000088100000, 0x0000000088100000, 0x0000000088200000|  0%| F|  |TAMS 0x0000000088100000, 0x0000000088100000| Untracked 
| 104|0x0000000088200000, 0x0000000088200000, 0x0000000088300000|  0%| F|  |TAMS 0x0000000088200000, 0x0000000088200000| Untracked 
| 105|0x0000000088300000, 0x0000000088300000, 0x0000000088400000|  0%| F|  |TAMS 0x0000000088300000, 0x0000000088300000| Untracked 
| 106|0x0000000088400000, 0x0000000088400000, 0x0000000088500000|  0%| F|  |TAMS 0x0000000088400000, 0x0000000088400000| Untracked 
| 107|0x0000000088500000, 0x0000000088500000, 0x0000000088600000|  0%| F|  |TAMS 0x0000000088500000, 0x0000000088500000| Untracked 
| 108|0x0000000088600000, 0x0000000088600000, 0x0000000088700000|  0%| F|  |TAMS 0x0000000088600000, 0x0000000088600000| Untracked 
| 109|0x0000000088700000, 0x0000000088700000, 0x0000000088800000|  0%| F|  |TAMS 0x0000000088700000, 0x0000000088700000| Untracked 
| 110|0x0000000088800000, 0x0000000088800000, 0x0000000088900000|  0%| F|  |TAMS 0x0000000088800000, 0x0000000088800000| Untracked 
| 111|0x0000000088900000, 0x0000000088900000, 0x0000000088a00000|  0%| F|  |TAMS 0x0000000088900000, 0x0000000088900000| Untracked 
| 112|0x0000000088a00000, 0x0000000088a00000, 0x0000000088b00000|  0%| F|  |TAMS 0x0000000088a00000, 0x0000000088a00000| Untracked 
| 113|0x0000000088b00000, 0x0000000088b00000, 0x0000000088c00000|  0%| F|  |TAMS 0x0000000088b00000, 0x0000000088b00000| Untracked 
| 114|0x0000000088c00000, 0x0000000088c00000, 0x0000000088d00000|  0%| F|  |TAMS 0x0000000088c00000, 0x0000000088c00000| Untracked 
| 115|0x0000000088d00000, 0x0000000088d00000, 0x0000000088e00000|  0%| F|  |TAMS 0x0000000088d00000, 0x0000000088d00000| Untracked 
| 116|0x0000000088e00000, 0x0000000088e00000, 0x0000000088f00000|  0%| F|  |TAMS 0x0000000088e00000, 0x0000000088e00000| Untracked 
| 117|0x0000000088f00000, 0x0000000088f00000, 0x0000000089000000|  0%| F|  |TAMS 0x0000000088f00000, 0x0000000088f00000| Untracked 
| 118|0x0000000089000000, 0x0000000089000000, 0x0000000089100000|  0%| F|  |TAMS 0x0000000089000000, 0x0000000089000000| Untracked 
| 119|0x0000000089100000, 0x0000000089100000, 0x0000000089200000|  0%| F|  |TAMS 0x0000000089100000, 0x0000000089100000| Untracked 
| 120|0x0000000089200000, 0x0000000089200000, 0x0000000089300000|  0%| F|  |TAMS 0x0000000089200000, 0x0000000089200000| Untracked 
| 121|0x0000000089300000, 0x0000000089300000, 0x0000000089400000|  0%| F|  |TAMS 0x0000000089300000, 0x0000000089300000| Untracked 
| 122|0x0000000089400000, 0x0000000089400000, 0x0000000089500000|  0%| F|  |TAMS 0x0000000089400000, 0x0000000089400000| Untracked 
| 123|0x0000000089500000, 0x0000000089580d88, 0x0000000089600000| 50%| E|  |TAMS 0x0000000089500000, 0x0000000089500000| Complete 
| 124|0x0000000089600000, 0x0000000089700000, 0x0000000089700000|100%| E|CS|TAMS 0x0000000089600000, 0x0000000089600000| Complete 
| 125|0x0000000089700000, 0x0000000089800000, 0x0000000089800000|100%| E|CS|TAMS 0x0000000089700000, 0x0000000089700000| Complete 
| 126|0x0000000089800000, 0x0000000089900000, 0x0000000089900000|100%| E|CS|TAMS 0x0000000089800000, 0x0000000089800000| Complete 
| 127|0x0000000089900000, 0x0000000089a00000, 0x0000000089a00000|100%| E|CS|TAMS 0x0000000089900000, 0x0000000089900000| Complete 

Card table byte_map: [0x00000000194a0000,0x00000000198a0000] _byte_map_base: 0x0000000019093000

Marking Bits (Prev, Next): (CMBitMap*) 0x00000000029d2d80, (CMBitMap*) 0x00000000029d2d48
 Prev Bits: [0x000000001bc40000, 0x000000001dbd8000)
 Next Bits: [0x0000000019ca0000, 0x000000001bc38000)

Polling page: 0x00000000004d0000

Metaspace:

Usage:
  Non-class:     70.37 MB capacity,    69.08 MB ( 98%) used,     1.03 MB (  1%) free+waste,   262.31 KB ( <1%) overhead. 
      Class:     11.23 MB capacity,    10.38 MB ( 92%) used,   740.48 KB (  6%) free+waste,   128.06 KB (  1%) overhead. 
       Both:     81.60 MB capacity,    79.46 MB ( 97%) used,     1.76 MB (  2%) free+waste,   390.38 KB ( <1%) overhead. 

Virtual space:
  Non-class space:       72.00 MB reserved,      70.41 MB ( 98%) committed 
      Class space:        1.00 GB reserved,      11.25 MB (  1%) committed 
             Both:        1.07 GB reserved,      81.65 MB (  7%) committed 

Chunk freelists:
   Non-Class:  5.25 KB
       Class:  0 bytes
        Both:  5.25 KB

CodeHeap 'non-profiled nmethods': size=120064Kb used=5995Kb max_used=5995Kb free=114068Kb
 bounds [0x0000000011b60000, 0x0000000012140000, 0x00000000190a0000]
CodeHeap 'profiled nmethods': size=120000Kb used=16103Kb max_used=16103Kb free=103896Kb
 bounds [0x000000000a630000, 0x000000000b5f0000, 0x0000000011b60000]
CodeHeap 'non-nmethods': size=5696Kb used=1244Kb max_used=1277Kb free=4451Kb
 bounds [0x000000000a0a0000, 0x000000000a310000, 0x000000000a630000]
 total_blobs=7737 nmethods=7107 adapters=541
 compilation: enabled
              stopped_count=0, restarted_count=0
 full_count=0

Compilation events (10 events):
Event: 1408.590 Thread 0x000000002051e000 7216   !   3       com.sun.proxy.$Proxy153::annotationType (29 bytes)
Event: 1408.591 Thread 0x000000002051e000 nmethod 7216 0x000000000b5e7c10 code [0x000000000b5e7de0, 0x000000000b5e81b8]
Event: 1408.591 Thread 0x000000002051e000 7223       1       com.fasterxml.jackson.databind.cfg.ConfigOverrides::getDefaultVisibility (5 bytes)
Event: 1408.591 Thread 0x000000002051e000 nmethod 7223 0x000000001213ac10 code [0x000000001213ada0, 0x000000001213ae58]
Event: 1408.634 Thread 0x000000002051e000 7224       3       org.springframework.http.HttpHeaders::getFirst (14 bytes)
Event: 1408.635 Thread 0x000000002051e000 nmethod 7224 0x000000000b5e8390 code [0x000000000b5e8540, 0x000000000b5e87e8]
Event: 1408.635 Thread 0x000000002051e000 7225       3       org.springframework.util.MultiValueMapAdapter::getFirst (39 bytes)
Event: 1408.640 Thread 0x000000002051e000 nmethod 7225 0x000000000b5e8910 code [0x000000000b5e8ae0, 0x000000000b5e8fc8]
Event: 1408.640 Thread 0x000000002051e000 7226       3       java.lang.invoke.VarHandleObjects$Array::runtimeTypeCheck (26 bytes)
Event: 1408.642 Thread 0x000000002051e000 nmethod 7226 0x000000000b5e9110 code [0x000000000b5e9360, 0x000000000b5e9b18]

GC Heap History (10 events):
Event: 68.228 GC heap before
{Heap before GC invocations=16 (full 0):
 garbage-first heap   total 131072K, used 94818K [0x0000000081a00000, 0x0000000100000000)
  region size 1024K, 76 young (77824K), 6 survivors (6144K)
 Metaspace       used 63490K, capacity 65082K, committed 65308K, reserved 1105920K
  class space    used 8373K, capacity 9026K, committed 9084K, reserved 1048576K
}
Event: 68.242 GC heap after
{Heap after GC invocations=17 (full 0):
 garbage-first heap   total 131072K, used 24684K [0x0000000081a00000, 0x0000000100000000)
  region size 1024K, 6 young (6144K), 6 survivors (6144K)
 Metaspace       used 63490K, capacity 65082K, committed 65308K, reserved 1105920K
  class space    used 8373K, capacity 9026K, committed 9084K, reserved 1048576K
}
Event: 71.803 GC heap before
{Heap before GC invocations=17 (full 0):
 garbage-first heap   total 131072K, used 96364K [0x0000000081a00000, 0x0000000100000000)
  region size 1024K, 76 young (77824K), 6 survivors (6144K)
 Metaspace       used 68242K, capacity 69996K, committed 70044K, reserved 1110016K
  class space    used 8970K, capacity 9680K, committed 9724K, reserved 1048576K
}
Event: 71.818 GC heap after
{Heap after GC invocations=18 (full 0):
 garbage-first heap   total 131072K, used 27436K [0x0000000081a00000, 0x0000000100000000)
  region size 1024K, 8 young (8192K), 8 survivors (8192K)
 Metaspace       used 68242K, capacity 69996K, committed 70044K, reserved 1110016K
  class space    used 8970K, capacity 9680K, committed 9724K, reserved 1048576K
}
Event: 82.546 GC heap before
{Heap before GC invocations=18 (full 0):
 garbage-first heap   total 131072K, used 97068K [0x0000000081a00000, 0x0000000100000000)
  region size 1024K, 76 young (77824K), 8 survivors (8192K)
 Metaspace       used 70644K, capacity 72491K, committed 72732K, reserved 1112064K
  class space    used 9311K, capacity 10085K, committed 10108K, reserved 1048576K
}
Event: 82.569 GC heap after
{Heap after GC invocations=19 (full 0):
 garbage-first heap   total 131072K, used 29747K [0x0000000081a00000, 0x0000000100000000)
  region size 1024K, 8 young (8192K), 8 survivors (8192K)
 Metaspace       used 70644K, capacity 72491K, committed 72732K, reserved 1112064K
  class space    used 9311K, capacity 10085K, committed 10108K, reserved 1048576K
}
Event: 84.216 GC heap before
{Heap before GC invocations=19 (full 0):
 garbage-first heap   total 131072K, used 99379K [0x0000000081a00000, 0x0000000100000000)
  region size 1024K, 76 young (77824K), 8 survivors (8192K)
 Metaspace       used 75932K, capacity 77930K, committed 78108K, reserved 1116160K
  class space    used 10006K, capacity 10804K, committed 10876K, reserved 1048576K
}
Event: 84.242 GC heap after
{Heap after GC invocations=20 (full 0):
 garbage-first heap   total 131072K, used 33558K [0x0000000081a00000, 0x0000000100000000)
  region size 1024K, 9 young (9216K), 9 survivors (9216K)
 Metaspace       used 75932K, capacity 77930K, committed 78108K, reserved 1116160K
  class space    used 10006K, capacity 10804K, committed 10876K, reserved 1048576K
}
Event: 1332.319 GC heap before
{Heap before GC invocations=20 (full 0):
 garbage-first heap   total 131072K, used 102166K [0x0000000081a00000, 0x0000000100000000)
  region size 1024K, 76 young (77824K), 9 survivors (9216K)
 Metaspace       used 81269K, capacity 83419K, committed 83612K, reserved 1122304K
  class space    used 10631K, capacity 11500K, committed 11516K, reserved 1048576K
}
Event: 1332.643 GC heap after
{Heap after GC invocations=21 (full 0):
 garbage-first heap   total 131072K, used 35323K [0x0000000081a00000, 0x0000000100000000)
  region size 1024K, 6 young (6144K), 6 survivors (6144K)
 Metaspace       used 81269K, capacity 83419K, committed 83612K, reserved 1122304K
  class space    used 10631K, capacity 11500K, committed 11516K, reserved 1048576K
}

Deoptimization events (10 events):
Event: 84.470 Thread 0x0000000002996000 Uncommon trap: reason=predicate action=maybe_recompile pc=0x0000000011f8602c method=org.springframework.core.annotation.AnnotationsScanner.processClassInheritedAnnotations(Ljava/lang/Object;Ljava/lang/Class;Lorg/springframework/core/annotation/MergedAnnot
Event: 84.486 Thread 0x0000000002996000 Uncommon trap: reason=unstable_if action=reinterpret pc=0x0000000011e21800 method=org.springframework.core.ResolvableType.as(Ljava/lang/Class;)Lorg/springframework/core/ResolvableType; @ 17 c2
Event: 85.176 Thread 0x0000000002996000 Uncommon trap: reason=unstable_if action=reinterpret pc=0x0000000011bfea5c method=org.springframework.util.ConcurrentReferenceHashMap$Segment.clear()V @ 7 c2
Event: 144.511 Thread 0x000000002730e800 Uncommon trap: reason=unstable_if action=reinterpret pc=0x00000000120caee0 method=java.util.concurrent.ConcurrentHashMap.putVal(Ljava/lang/Object;Ljava/lang/Object;Z)Ljava/lang/Object; @ 97 c2
Event: 144.512 Thread 0x000000002730e800 Uncommon trap: reason=speculate_null_assert action=make_not_entrant pc=0x0000000011f0912c method=java.lang.invoke.MethodType$ConcurrentWeakInternSet.add(Ljava/lang/Object;)Ljava/lang/Object; @ 47 c2
Event: 574.719 Thread 0x0000000024ef7800 Uncommon trap: reason=unstable_if action=reinterpret pc=0x000000001209ae5c method=java.util.concurrent.locks.ReentrantLock$Sync.nonfairTryAcquire(I)Z @ 19 c2
Event: 979.712 Thread 0x0000000026baa800 Uncommon trap: reason=unstable_if action=reinterpret pc=0x0000000012085cdc method=java.util.concurrent.locks.ReentrantLock$Sync.nonfairTryAcquire(I)Z @ 19 c2
Event: 1265.185 Thread 0x0000000025429000 Uncommon trap: reason=speculate_class_check action=maybe_recompile pc=0x0000000012058698 method=org.springframework.transaction.interceptor.AbstractFallbackTransactionAttributeSource.getTransactionAttribute(Ljava/lang/reflect/Method;Ljava/lang/Class;)Lorg
Event: 1265.188 Thread 0x0000000025429000 Uncommon trap: reason=profile_predicate action=maybe_recompile pc=0x0000000011ffed94 method=org.springframework.core.annotation.TypeMappedAnnotation.asMap(Ljava/util/function/Function;[Lorg/springframework/core/annotation/MergedAnnotation$Adapt;)Ljava/uti
Event: 1331.581 Thread 0x0000000025324800 Uncommon trap: reason=speculate_class_check action=maybe_recompile pc=0x0000000012058698 method=org.springframework.transaction.interceptor.AbstractFallbackTransactionAttributeSource.getTransactionAttribute(Ljava/lang/reflect/Method;Ljava/lang/Class;)Lorg

Classes redefined (0 events):
No events

Internal exceptions (10 events):
Event: 1285.787 Thread 0x0000000025327000 Exception <a 'java/net/SocketTimeoutException'{0x00000000878228c8}: Read timed out> (0x00000000878228c8) thrown at [./open/src/hotspot/share/prims/jni.cpp, line 631]
Event: 1286.398 Thread 0x0000000025326000 Exception <a 'java/net/SocketTimeoutException'{0x0000000087866810}: Read timed out> (0x0000000087866810) thrown at [./open/src/hotspot/share/prims/jni.cpp, line 631]
Event: 1315.808 Thread 0x0000000025327000 Exception <a 'java/net/SocketTimeoutException'{0x000000008782b4c8}: Read timed out> (0x000000008782b4c8) thrown at [./open/src/hotspot/share/prims/jni.cpp, line 631]
Event: 1316.428 Thread 0x0000000025326000 Exception <a 'java/net/SocketTimeoutException'{0x000000008786dea0}: Read timed out> (0x000000008786dea0) thrown at [./open/src/hotspot/share/prims/jni.cpp, line 631]
Event: 1332.255 Thread 0x0000000025324800 Exception <a 'java/lang/NoSuchMethodError'{0x00000000857ae548}: 'java.lang.Object java.lang.invoke.DirectMethodHandle$Holder.invokeStaticInit(java.lang.Object, java.lang.Object, java.lang.Object, java.lang.Object, java.lang.Object, java.lang.Object)'> (0x
Event: 1345.833 Thread 0x0000000025327000 Exception <a 'java/net/SocketTimeoutException'{0x000000008984a8c0}: Read timed out> (0x000000008984a8c0) thrown at [./open/src/hotspot/share/prims/jni.cpp, line 631]
Event: 1346.453 Thread 0x0000000025326000 Exception <a 'java/net/SocketTimeoutException'{0x00000000898752e8}: Read timed out> (0x00000000898752e8) thrown at [./open/src/hotspot/share/prims/jni.cpp, line 631]
Event: 1375.870 Thread 0x0000000025327000 Exception <a 'java/net/SocketTimeoutException'{0x00000000898534c0}: Read timed out> (0x00000000898534c0) thrown at [./open/src/hotspot/share/prims/jni.cpp, line 631]
Event: 1376.491 Thread 0x0000000025326000 Exception <a 'java/net/SocketTimeoutException'{0x000000008987c978}: Read timed out> (0x000000008987c978) thrown at [./open/src/hotspot/share/prims/jni.cpp, line 631]
Event: 1406.531 Thread 0x0000000025326000 Exception <a 'java/net/SocketTimeoutException'{0x0000000089884008}: Read timed out> (0x0000000089884008) thrown at [./open/src/hotspot/share/prims/jni.cpp, line 631]

Events (10 events):
Event: 1407.928 loading class com/fasterxml/jackson/datatype/joda/JodaModule
Event: 1407.928 loading class com/fasterxml/jackson/datatype/joda/JodaModule done
Event: 1407.935 loading class com/fasterxml/jackson/datatype/joda$JodaModule
Event: 1407.935 loading class com/fasterxml/jackson/datatype/joda$JodaModule done
Event: 1407.947 loading class com/fasterxml/jackson/datatype/joda/JodaModule
Event: 1407.947 loading class com/fasterxml/jackson/datatype/joda/JodaModule done
Event: 1407.962 loading class com/fasterxml/jackson/datatype/joda$JodaModule
Event: 1407.962 loading class com/fasterxml/jackson/datatype/joda$JodaModule done
Event: 1408.483 Executing VM operation: RevokeBias
Event: 1408.484 Executing VM operation: RevokeBias done


Dynamic libraries:
0x00007ff7699a0000 - 0x00007ff7699b0000 	C:\Program Files\Java\jdk-11.0.31\bin\java.exe
0x00007fffbc4b0000 - 0x00007fffbc6a8000 	C:\Windows\SYSTEM32\ntdll.dll
0x00007fffbbf80000 - 0x00007fffbc042000 	C:\Windows\System32\KERNEL32.DLL
0x00007fffb9e20000 - 0x00007fffba116000 	C:\Windows\System32\KERNELBASE.dll
0x00007fffba120000 - 0x00007fffba220000 	C:\Windows\System32\ucrtbase.dll
0x00007fffaeac0000 - 0x00007fffaead9000 	C:\Program Files\Java\jdk-11.0.31\bin\jli.dll
0x00007fffbb6d0000 - 0x00007fffbb77f000 	C:\Windows\System32\ADVAPI32.dll
0x00007fffbc3d0000 - 0x00007fffbc46e000 	C:\Windows\System32\msvcrt.dll
0x00007fffbbdb0000 - 0x00007fffbbe4f000 	C:\Windows\System32\sechost.dll
0x00007fffbb370000 - 0x00007fffbb493000 	C:\Windows\System32\RPCRT4.dll
0x00007fffba400000 - 0x00007fffba427000 	C:\Windows\System32\bcrypt.dll
0x00007fffbc170000 - 0x00007fffbc30d000 	C:\Windows\System32\USER32.dll
0x00007fffb9b40000 - 0x00007fffb9b62000 	C:\Windows\System32\win32u.dll
0x00007fffbc3a0000 - 0x00007fffbc3cb000 	C:\Windows\System32\GDI32.dll
0x00007fffb9c20000 - 0x00007fffb9d3a000 	C:\Windows\System32\gdi32full.dll
0x00007fffba430000 - 0x00007fffba4cd000 	C:\Windows\System32\msvcp_win.dll
0x00007fffb39e0000 - 0x00007fffb39fe000 	C:\Program Files\Java\jdk-11.0.31\bin\VCRUNTIME140.dll
0x00007fffaa140000 - 0x00007fffaa3da000 	C:\Windows\WinSxS\amd64_microsoft.windows.common-controls_6595b64144ccf1df_6.0.19041.4355_none_60b8b9eb71f62e16\COMCTL32.dll
0x00007fffb2b20000 - 0x00007fffb2b2a000 	C:\Windows\SYSTEM32\VERSION.dll
0x00007fffbb6a0000 - 0x00007fffbb6cf000 	C:\Windows\System32\IMM32.DLL
0x00007fffb2fd0000 - 0x00007fffb2fdc000 	C:\Program Files\Java\jdk-11.0.31\bin\vcruntime140_1.dll
0x00007fff94120000 - 0x00007fff941ad000 	C:\Program Files\Java\jdk-11.0.31\bin\msvcp140.dll
0x00007fff78190000 - 0x00007fff78d06000 	C:\Program Files\Java\jdk-11.0.31\bin\server\jvm.dll
0x00007fffba4d0000 - 0x00007fffba4d8000 	C:\Windows\System32\PSAPI.DLL
0x00007fffb6800000 - 0x00007fffb6809000 	C:\Windows\SYSTEM32\WSOCK32.dll
0x00007fffbb4a0000 - 0x00007fffbb50b000 	C:\Windows\System32\WS2_32.dll
0x00007fffaed70000 - 0x00007fffaed97000 	C:\Windows\SYSTEM32\WINMM.dll
0x00007fffb8370000 - 0x00007fffb8382000 	C:\Windows\SYSTEM32\kernel.appcore.dll
0x00007fffaeab0000 - 0x00007fffaeac0000 	C:\Program Files\Java\jdk-11.0.31\bin\verify.dll
0x00007fffa7570000 - 0x00007fffa7754000 	C:\Windows\SYSTEM32\DBGHELP.DLL
0x00007fffa8450000 - 0x00007fffa8484000 	C:\Windows\SYSTEM32\dbgcore.DLL
0x00007fffb9d90000 - 0x00007fffb9e12000 	C:\Windows\System32\bcryptPrimitives.dll
0x00007fffa7f90000 - 0x00007fffa7fb9000 	C:\Program Files\Java\jdk-11.0.31\bin\java.dll
0x00007fffa7f80000 - 0x00007fffa7f8a000 	C:\Program Files\Java\jdk-11.0.31\bin\jimage.dll
0x00007fffa7f60000 - 0x00007fffa7f77000 	C:\Program Files\Java\jdk-11.0.31\bin\zip.dll
0x00007fffba540000 - 0x00007fffbacaf000 	C:\Windows\System32\SHELL32.dll
0x00007fffb79d0000 - 0x00007fffb8173000 	C:\Windows\SYSTEM32\windows.storage.dll
0x00007fffbafb0000 - 0x00007fffbb305000 	C:\Windows\System32\combase.dll
0x00007fffb93c0000 - 0x00007fffb93eb000 	C:\Windows\SYSTEM32\Wldp.dll
0x00007fffbad10000 - 0x00007fffbaddd000 	C:\Windows\System32\OLEAUT32.dll
0x00007fffbc0c0000 - 0x00007fffbc16d000 	C:\Windows\System32\SHCORE.dll
0x00007fffbc060000 - 0x00007fffbc0b5000 	C:\Windows\System32\shlwapi.dll
0x00007fffb9a70000 - 0x00007fffb9a95000 	C:\Windows\SYSTEM32\profapi.dll
0x00007fffa7e40000 - 0x00007fffa7e5b000 	C:\Program Files\Java\jdk-11.0.31\bin\net.dll
0x00007fffb0a90000 - 0x00007fffb0b9a000 	C:\Windows\SYSTEM32\WINHTTP.dll
0x00007fffb91a0000 - 0x00007fffb920c000 	C:\Windows\system32\mswsock.dll
0x00007fffa7db0000 - 0x00007fffa7dc3000 	C:\Program Files\Java\jdk-11.0.31\bin\nio.dll
0x00007fffb8ea0000 - 0x00007fffb8edb000 	C:\Windows\SYSTEM32\IPHLPAPI.DLL
0x00007fffbc050000 - 0x00007fffbc058000 	C:\Windows\System32\NSI.dll
0x00007fffb1af0000 - 0x00007fffb1b07000 	C:\Windows\SYSTEM32\dhcpcsvc6.DLL
0x00007fffb2320000 - 0x00007fffb233d000 	C:\Windows\SYSTEM32\dhcpcsvc.DLL
0x00007fffb8ee0000 - 0x00007fffb8faa000 	C:\Windows\SYSTEM32\DNSAPI.dll
0x00007fffb2260000 - 0x00007fffb226a000 	C:\Windows\System32\rasadhlp.dll
0x00007fffaeb70000 - 0x00007fffaebf0000 	C:\Windows\System32\fwpuclnt.dll
0x00007fffb3ed0000 - 0x00007fffb3ed9000 	C:\Program Files\Java\jdk-11.0.31\bin\management.dll
0x00007fffb3ec0000 - 0x00007fffb3ecc000 	C:\Program Files\Java\jdk-11.0.31\bin\management_ext.dll
0x00007fffa86e0000 - 0x00007fffa86f7000 	C:\Windows\system32\napinsp.dll
0x00007fffa8700000 - 0x00007fffa871b000 	C:\Windows\system32\pnrpnsp.dll
0x00007fffb3cc0000 - 0x00007fffb3cd5000 	C:\Windows\system32\wshbth.dll
0x00007fffb5650000 - 0x00007fffb566d000 	C:\Windows\system32\NLAapi.dll
0x00007fffa8720000 - 0x00007fffa8732000 	C:\Windows\System32\winrnr.dll
0x00007fffb97e0000 - 0x00007fffb97f8000 	C:\Windows\SYSTEM32\CRYPTSP.dll
0x00007fffb8ae0000 - 0x00007fffb8b18000 	C:\Windows\system32\rsaenh.dll
0x00007fffb9a30000 - 0x00007fffb9a5e000 	C:\Windows\SYSTEM32\USERENV.dll
0x00007fffb9330000 - 0x00007fffb933c000 	C:\Windows\SYSTEM32\CRYPTBASE.dll
0x00007fffb1d10000 - 0x00007fffb1d1e000 	C:\Program Files\Java\jdk-11.0.31\bin\sunmscapi.dll
0x00007fffba220000 - 0x00007fffba37d000 	C:\Windows\System32\CRYPT32.dll
0x00007fffb9490000 - 0x00007fffb94b7000 	C:\Windows\SYSTEM32\ncrypt.dll
0x00007fffb9450000 - 0x00007fffb948b000 	C:\Windows\SYSTEM32\NTASN1.dll
0x00007fff940f0000 - 0x00007fff94117000 	C:\Program Files\Java\jdk-11.0.31\bin\sunec.dll

dbghelp: loaded successfully - version: 4.0.5 - missing functions: none
symbol engine: initialized successfully - sym options: 0x614 - pdb path: .;C:\Program Files\Java\jdk-11.0.31\bin;C:\Windows\SYSTEM32;C:\Windows\WinSxS\amd64_microsoft.windows.common-controls_6595b64144ccf1df_6.0.19041.4355_none_60b8b9eb71f62e16;C:\Program Files\Java\jdk-11.0.31\bin\server

VM Arguments:
java_command: tracking-service\target\tracking-service-1.0.0.jar
java_class_path (initial): tracking-service\target\tracking-service-1.0.0.jar
Launcher Type: SUN_STANDARD

[Global flags]
     intx CICompilerCount                          = 3                                         {product} {ergonomic}
     uint ConcGCThreads                            = 1                                         {product} {ergonomic}
     uint G1ConcRefinementThreads                  = 4                                         {product} {ergonomic}
   size_t G1HeapRegionSize                         = 1048576                                   {product} {ergonomic}
    uintx GCDrainStackTargetSize                   = 64                                        {product} {ergonomic}
   size_t InitialHeapSize                          = 134217728                                 {product} {ergonomic}
   size_t MarkStackSize                            = 4194304                                   {product} {ergonomic}
   size_t MaxHeapSize                              = 2120220672                                {product} {ergonomic}
   size_t MaxNewSize                               = 1271922688                                {product} {ergonomic}
   size_t MinHeapDeltaBytes                        = 1048576                                   {product} {ergonomic}
    uintx NonNMethodCodeHeapSize                   = 5830732                                {pd product} {ergonomic}
    uintx NonProfiledCodeHeapSize                  = 122913754                              {pd product} {ergonomic}
    uintx ProfiledCodeHeapSize                     = 122913754                              {pd product} {ergonomic}
    uintx ReservedCodeCacheSize                    = 251658240                              {pd product} {ergonomic}
     bool SegmentedCodeCache                       = true                                      {product} {ergonomic}
     bool UseCompressedClassPointers               = true                                 {lp64_product} {ergonomic}
     bool UseCompressedOops                        = true                                 {lp64_product} {ergonomic}
     bool UseG1GC                                  = true                                      {product} {ergonomic}
     bool UseLargePagesIndividualAllocation        = false                                  {pd product} {ergonomic}

Logging:
Log output configuration:
 #0: stdout all=warning uptime,level,tags
 #1: stderr all=off uptime,level,tags

Environment Variables:
JAVA_HOME=C:\Program Files\Java\jdk-11.0.31
PATH=C:\Program Files\Java\jdk-11.0.31\bin;C:\Program Files\Eclipse Adoptium\jdk-17.0.20.8-hotspot\bin;C:\Program Files\ImageMagick-7.1.2-Q16-HDRI;C:\Program Files\Common Files\Oracle\Java\javapath;C:\Program Files (x86)\Common Files\Oracle\Java\java8path;C:\Program Files (x86)\Common Files\Oracle\Java\javapath;C:\Windows\system32;C:\Windows;C:\Windows\System32\Wbem;C:\Windows\System32\WindowsPowerShell\v1.0\;C:\Program Files\Git\cmd;C:\Program Files\dotnet\;C:\ffmpeg\bin;C:\Users\Sandu\AppData\Local\Muse Hub\lib;C:\Users\Sandu\Downloads;C:\Program Files\WindowsPowerShell\Scripts;C:\Windows\System32\OpenSSH\;C:\Windows\system32\config\systemprofile\AppData\Local\Muse Hub\lib;C:\Program Files\Docker\Docker\resources\bin;E:\Install\apache-maven-3.9.16\bin;C:\Program Files\nodejs\;C:\Users\Sandu\AppData\Local\Programs\Python\Python310\Scripts\;C:\Users\Sandu\AppData\Local\Programs\Python\Python310\;C:\Users\Sandu\.local\bin;C:\Users\Sandu\miniconda3;C:\Users\Sandu\miniconda3\Library\mingw-w64\bin;C:\Users\Sandu\miniconda3\Library\usr\bin;C:\Users\Sandu\miniconda3\Library\bin;C:\Users\Sandu\miniconda3\Scripts;C:\Users\Sandu\AppData\Local\Microsoft\WindowsApps;C:\Program Files\JetBrains\IntelliJ IDEA 2020.1\bin;;C:\Users\Sandu\AppData\Local\Programs\Microsoft VS Code\bin;C:\Users\Sandu\.dotnet\tools;C:\ffmpeg\bin;C:\Users\Sandu\AppData\Local\Muse Hub\lib;C:\Users\Sandu\Downloads;%UserProfile\AppData\Local\Microsoft\WindowsApps;C:\Users\Sandu\AppData\Local\Microsoft\WinGet\Packages\ISC.Bind_Microsoft.Winget.Source_8wekyb3d8bbwe;E:\Install\apache-maven-3.9.16\bin;C:\Users\Sandu\AppData\Roaming\npm
USERNAME=Sandu
OS=Windows_NT
PROCESSOR_IDENTIFIER=Intel64 Family 6 Model 69 Stepping 1, GenuineIntel



---------------  S Y S T E M  ---------------

OS: Windows 10 , 64 bit Build 19041 (10.0.19041.5678)
Hyper-V role detected

CPU:total 4 (initial active 4) (2 cores per cpu, 2 threads per core) family 6 model 69 stepping 1 microcode 0x25, cmov, cx8, fxsr, mmx, sse, sse2, sse3, ssse3, sse4.1, sse4.2, popcnt, avx, avx2, aes, clmul, erms, lzcnt, ht, tsc, tscinvbit, bmi1, bmi2, fma

Memory: 4k page, system-wide physical 8080M (304M free)
TotalPageFile size 32656M (AvailPageFile size 1M)
current process WorkingSet (physical memory assigned to process): 108M, peak: 319M
current process commit charge ("private bytes"): 347M, peak: 376M

vm_info: Java HotSpot(TM) 64-Bit Server VM (11.0.31+9-LTS-165) for windows-amd64 JRE (11.0.31+9-LTS-165), built on Mar 11 2026 01:52:00 by "mach5run" with MS VC++ 17.13 (VS2022)

END.
